// Jest Snapshot v1, https://goo.gl/fbAQLP

exports[`redefenition Component Name For SourceMapAtom redefenition Component Name For SourceMapAtom 1`] = `
Object {
  "src": Array [
    Object {
      "content": "",
      "path": "*/redefenitionComponentNameForSourceMapAtom/output/src/page/custom/custom.module.scss",
    },
    Object {
      "content": "import React from 'react';
import { storiesOf } from '@storybook/react';
import centered from '@storybook/addon-centered/react';
import Custom from './custom';

const stories = storiesOf('custom', module).addDecorator(centered);

stories.add('default', () => {

  return <Custom />;
});
",
      "path": "*/redefenitionComponentNameForSourceMapAtom/output/src/page/custom/custom.stories.tsx",
    },
    Object {
      "content": "import React from 'react';
import styles from './Custom.module.scss';

type Props = {};

export const Custom = ({}: Props) => {
  return (
    <div>
      content
    </div>
  );
};

export default Custom;
",
      "path": "*/redefenitionComponentNameForSourceMapAtom/output/src/page/custom/custom.tsx",
    },
    Object {
      "content": "import Custom from './custom';

export default Custom;
",
      "path": "*/redefenitionComponentNameForSourceMapAtom/output/src/page/custom/index.ts",
    },
    Object {
      "content": "import Stadiums from './stadiums';

export default Stadiums;
",
      "path": "*/redefenitionComponentNameForSourceMapAtom/output/src/page/stadiums/index.ts",
    },
    Object {
      "content": "",
      "path": "*/redefenitionComponentNameForSourceMapAtom/output/src/page/stadiums/stadiums.module.scss",
    },
    Object {
      "content": "import React from 'react';
import { storiesOf } from '@storybook/react';
import centered from '@storybook/addon-centered/react';
import Stadiums from './stadiums';

const stories = storiesOf('stadiums', module).addDecorator(centered);

stories.add('default', () => {

  return <Stadiums />;
});
",
      "path": "*/redefenitionComponentNameForSourceMapAtom/output/src/page/stadiums/stadiums.stories.tsx",
    },
    Object {
      "content": "import React from 'react';
import styles from './Stadiums.module.scss';

type Props = {};

export const Stadiums = ({}: Props) => {
  return (
    <div>
      content
    </div>
  );
};

export default Stadiums;
",
      "path": "*/redefenitionComponentNameForSourceMapAtom/output/src/page/stadiums/stadiums.tsx",
    },
  ],
}
`;
