// Jest Snapshot v1, https://goo.gl/fbAQLP

exports[`script test call function from script 1`] = `
Object {
  "src": Array [
    Object {
      "content": "const t = "t"
",
      "path": "*/script/output/src/services/name/index.ts",
    },
  ],
}
`;
